// Vitest Snapshot v1, https://vitest.dev/guide/snapshot.html

exports[`getBeltProps > should match snap 1`] = `
{
  "belt": {
    "borderColor": "",
    "color1": "#FF0000",
    "color2": "",
    "color3": "",
    "hasPatch": false,
    "hasProfessorPatch": false,
    "id": 0,
    "maxStripes": 10,
    "minStripes": 0,
    "name": "",
    "patchBorderColor": "",
    "patchColor": "",
    "professorBorderColor": "",
    "professorPatchColor": "",
    "sortOrder": 0,
    "stripeColor": "",
    "stripeCount": 0,
    "stripePosition": "Right",
    "system": "none",
    "type": "Solid",
  },
  "beltRDF": {
    "about": "https://github.com/jeffholst/vue-custom-belt",
    "title": "",
  },
  "border": "",
  "callback": null,
  "hasPatch": false,
  "hasProfessorPatch": false,
  "id": "",
  "patch": "",
  "patchBorder": "",
  "professorBorder": "",
  "professorPatch": "",
  "randomSettings": {
    "hasPatch": undefined,
    "hasProfessorPatch": undefined,
    "includeBelts": undefined,
    "stripeCount": undefined,
    "stripePosition": undefined,
  },
  "refreshInterval": 0,
  "s10l1": "#FF0000",
  "s10l2a": "#FF0000",
  "s10l2b": "#FF0000",
  "s10l3": "#FF0000",
  "s11l1": "#FF0000",
  "s11l2a": "#FF0000",
  "s11l2b": "#FF0000",
  "s11l3": "#FF0000",
  "s12l1": "#FF0000",
  "s12l2a": "#FF0000",
  "s12l2b": "#FF0000",
  "s12l3": "#FF0000",
  "s13l1": "#FF0000",
  "s13l2a": "#FF0000",
  "s13l2b": "#FF0000",
  "s13l3": "#FF0000",
  "s1l1": "#FF0000",
  "s1l2a": "#FF0000",
  "s1l2b": "#FF0000",
  "s1l3": "#FF0000",
  "s2l1": "#FF0000",
  "s2l2a": "#FF0000",
  "s2l2b": "#FF0000",
  "s2l3": "#FF0000",
  "s3l1": "#FF0000",
  "s3l2a": "#FF0000",
  "s3l2b": "#FF0000",
  "s3l3": "#FF0000",
  "s4l1": "#FF0000",
  "s4l2a": "#FF0000",
  "s4l2b": "#FF0000",
  "s4l3": "#FF0000",
  "s5l1": "#FF0000",
  "s5l2a": "#FF0000",
  "s5l2b": "#FF0000",
  "s5l3": "#FF0000",
  "s6l1": "#FF0000",
  "s6l2a": "#FF0000",
  "s6l2b": "#FF0000",
  "s6l3": "#FF0000",
  "s7l1": "#FF0000",
  "s7l2a": "#FF0000",
  "s7l2b": "#FF0000",
  "s7l3": "#FF0000",
  "s8l1": "#FF0000",
  "s8l2a": "#FF0000",
  "s8l2b": "#FF0000",
  "s8l3": "#FF0000",
  "s9l1": "#FF0000",
  "s9l2a": "#FF0000",
  "s9l2b": "#FF0000",
  "s9l3": "#FF0000",
  "stripe1": "",
  "stripe10": "",
  "stripe2": "",
  "stripe3": "",
  "stripe4": "",
  "stripe5": "",
  "stripe6": "",
  "stripe7": "",
  "stripe8": "",
  "stripe9": "",
  "stripeCount": 0,
  "stripePosition": "Left",
  "transitionCSS": "",
  "version": "",
}
`;
