// Vitest Snapshot v1, https://vitest.dev/guide/snapshot.html

exports[`getBeltProps > should match snap 1`] = `
{
  "beltRDF": {
    "about": "https://github.com/jeffholst/vue-custom-belt",
    "description": "Test Description",
    "title": "Test Title",
  },
  "border": "",
  "hasPatch": true,
  "hasProfessorPatch": false,
  "id": "",
  "patch": "",
  "patchBorder": "",
  "professorBorder": "",
  "professorPatch": "",
  "randomBeltTypes": [],
  "refreshInterval": 0,
  "s10l1": "",
  "s10l2a": "",
  "s10l2b": "",
  "s10l3": "",
  "s11l1": "",
  "s11l2a": "",
  "s11l2b": "",
  "s11l3": "",
  "s12l1": "",
  "s12l2a": "",
  "s12l2b": "",
  "s12l3": "",
  "s13l1": "",
  "s13l2a": "",
  "s13l2b": "",
  "s13l3": "",
  "s1l1": "",
  "s1l2a": "",
  "s1l2b": "",
  "s1l3": "",
  "s2l1": "",
  "s2l2a": "",
  "s2l2b": "",
  "s2l3": "",
  "s3l1": "",
  "s3l2a": "",
  "s3l2b": "",
  "s3l3": "",
  "s4l1": "",
  "s4l2a": "",
  "s4l2b": "",
  "s4l3": "",
  "s5l1": "",
  "s5l2a": "",
  "s5l2b": "",
  "s5l3": "",
  "s6l1": "",
  "s6l2a": "",
  "s6l2b": "",
  "s6l3": "",
  "s7l1": "",
  "s7l2a": "",
  "s7l2b": "",
  "s7l3": "",
  "s8l1": "",
  "s8l2a": "",
  "s8l2b": "",
  "s8l3": "",
  "s9l1": "",
  "s9l2a": "",
  "s9l2b": "",
  "s9l3": "",
  "stripe1": "",
  "stripe10": "",
  "stripe2": "",
  "stripe3": "",
  "stripe4": "",
  "stripe5": "",
  "stripe6": "",
  "stripe7": "",
  "stripe8": "",
  "stripe9": "",
  "stripeCount": 0,
  "stripePosition": "Left",
  "transitionCSS": "",
}
`;
